// Jest Snapshot v1, https://goo.gl/fbAQLP

exports[`Footer component renders the UI as expected 1`] = `
<footer
  className="footer"
>
  <div
    className="footer_brand-container"
  >
    <span
      className="footer_author-text"
    >
      Created by William
    </span>
    <div
      className="footer_social-media"
    />
    <div
      className="copyright-text"
    >
      <p>
        Copyright Â© 2019
      </p>
    </div>
  </div>
</footer>
`;
