// Jest Snapshot v1, https://goo.gl/fbAQLP

exports[`AddNote component renders the UI as expected 1`] = `
Array [
  <nav
    className="Header"
  >
    <h1
      className="happyDogLogo"
    >
      <a
        href="/my-notes"
        onClick={[Function]}
      >
        Happy Dog
      </a>
    </h1>
    <div
      className="Header_not-logged-in"
    >
      <a
        href="/login"
        onClick={[Function]}
      >
        Login
      </a>
      <a
        href="/register"
        onClick={[Function]}
      >
        Register
      </a>
    </div>
  </nav>,
  <section
    className={
      Array [
        "Section",
        undefined,
        undefined,
      ]
    }
  >
    <form
      className="addTaskForm"
      onSubmit={[Function]}
    >
      <label>
        <header>
          <h3>
            Task Title
          </h3>
        </header>
        <br />
        <input
          className="Input taskTitleInput"
          id="name"
          type="text"
        />
      </label>
      <br />
      <button
        className="Button addNoteSubmit"
        type="submit"
      >
        Submit
      </button>
    </form>
  </section>,
  <footer
    className="footer"
  >
    <div
      className="footer_brand-container"
    >
      <span
        className="footer_author-text"
      >
        Created by William
      </span>
      <div
        className="footer_social-media"
      />
      <div
        className="copyright-text"
      >
        <p>
          Copyright Â© 2019
        </p>
      </div>
    </div>
  </footer>,
]
`;
